// Jest Snapshot v1, https://goo.gl/fbAQLP

exports[`CardContainer should match the snapshot 1`] = `
ShallowWrapper {
  "length": 1,
  Symbol(enzyme.__root__): [Circular],
  Symbol(enzyme.__unrendered__): <CardContainer
    activeCategoryInfo={
        Array [
            Object {
              "Homeworld": "Corellia",
              "Homeworld Population": 10000,
              "Species": "human",
              "name": "Han Solo",
            },
            Object {
              "Homeworld": "Kamino",
              "Homeworld Population": 100,
              "Species": "human",
              "name": "Boba Fett",
            },
          ]
    }
    activeCategoryName="people"
    addToFavorites={[Function]}
    favorites={
        Array [
            Object {
              "Homeworld": "Corellia",
              "Homeworld Population": 10000,
              "Species": "human",
              "name": "Han Solo",
            },
          ]
    }
    next="next"
    previous="previous"
    updateCurrentCategory={[Function]}
/>,
  Symbol(enzyme.__renderer__): Object {
    "batchedUpdates": [Function],
    "getNode": [Function],
    "render": [Function],
    "simulateEvent": [Function],
    "unmount": [Function],
  },
  Symbol(enzyme.__node__): Object {
    "instance": null,
    "key": undefined,
    "nodeType": "host",
    "props": Object {
      "children": Array [
        <button
          className="next"
          onClick={[Function]}
>
          Next
</button>,
        <button
          className="previous"
          onClick={[Function]}
>
          Last
</button>,
        <h2>
          people
</h2>,
        <div
          className="card-wrapper"
>
          <ContentCard
                    activeCategoryName="people"
                    addToFavorites={[Function]}
                    buttonClass="favorite"
                    categoryItem={
                              Object {
                                        "Homeworld": "Corellia",
                                        "Homeworld Population": 10000,
                                        "Species": "human",
                                        "name": "Han Solo",
                                      }
                    }
          />
          <ContentCard
                    activeCategoryName="people"
                    addToFavorites={[Function]}
                    buttonClass=""
                    categoryItem={
                              Object {
                                        "Homeworld": "Kamino",
                                        "Homeworld Population": 100,
                                        "Species": "human",
                                        "name": "Boba Fett",
                                      }
                    }
          />
</div>,
      ],
      "className": "Card-Container",
    },
    "ref": null,
    "rendered": Array [
      Object {
        "instance": null,
        "key": undefined,
        "nodeType": "host",
        "props": Object {
          "children": "Next",
          "className": "next",
          "onClick": [Function],
        },
        "ref": null,
        "rendered": "Next",
        "type": "button",
      },
      Object {
        "instance": null,
        "key": undefined,
        "nodeType": "host",
        "props": Object {
          "children": "Last",
          "className": "previous",
          "onClick": [Function],
        },
        "ref": null,
        "rendered": "Last",
        "type": "button",
      },
      Object {
        "instance": null,
        "key": undefined,
        "nodeType": "host",
        "props": Object {
          "children": "people",
        },
        "ref": null,
        "rendered": "people",
        "type": "h2",
      },
      Object {
        "instance": null,
        "key": undefined,
        "nodeType": "host",
        "props": Object {
          "children": Array [
            <ContentCard
              activeCategoryName="people"
              addToFavorites={[Function]}
              buttonClass="favorite"
              categoryItem={
                            Object {
                                          "Homeworld": "Corellia",
                                          "Homeworld Population": 10000,
                                          "Species": "human",
                                          "name": "Han Solo",
                                        }
              }
/>,
            <ContentCard
              activeCategoryName="people"
              addToFavorites={[Function]}
              buttonClass=""
              categoryItem={
                            Object {
                                          "Homeworld": "Kamino",
                                          "Homeworld Population": 100,
                                          "Species": "human",
                                          "name": "Boba Fett",
                                        }
              }
/>,
          ],
          "className": "card-wrapper",
        },
        "ref": null,
        "rendered": Array [
          Object {
            "instance": null,
            "key": "Han Solo",
            "nodeType": "function",
            "props": Object {
              "activeCategoryName": "people",
              "addToFavorites": [Function],
              "buttonClass": "favorite",
              "categoryItem": Object {
                "Homeworld": "Corellia",
                "Homeworld Population": 10000,
                "Species": "human",
                "name": "Han Solo",
              },
            },
            "ref": null,
            "rendered": null,
            "type": [Function],
          },
          Object {
            "instance": null,
            "key": "Boba Fett",
            "nodeType": "function",
            "props": Object {
              "activeCategoryName": "people",
              "addToFavorites": [Function],
              "buttonClass": "",
              "categoryItem": Object {
                "Homeworld": "Kamino",
                "Homeworld Population": 100,
                "Species": "human",
                "name": "Boba Fett",
              },
            },
            "ref": null,
            "rendered": null,
            "type": [Function],
          },
        ],
        "type": "div",
      },
    ],
    "type": "section",
  },
  Symbol(enzyme.__nodes__): Array [
    Object {
      "instance": null,
      "key": undefined,
      "nodeType": "host",
      "props": Object {
        "children": Array [
          <button
            className="next"
            onClick={[Function]}
>
            Next
</button>,
          <button
            className="previous"
            onClick={[Function]}
>
            Last
</button>,
          <h2>
            people
</h2>,
          <div
            className="card-wrapper"
>
            <ContentCard
                        activeCategoryName="people"
                        addToFavorites={[Function]}
                        buttonClass="favorite"
                        categoryItem={
                                    Object {
                                                "Homeworld": "Corellia",
                                                "Homeworld Population": 10000,
                                                "Species": "human",
                                                "name": "Han Solo",
                                              }
                        }
            />
            <ContentCard
                        activeCategoryName="people"
                        addToFavorites={[Function]}
                        buttonClass=""
                        categoryItem={
                                    Object {
                                                "Homeworld": "Kamino",
                                                "Homeworld Population": 100,
                                                "Species": "human",
                                                "name": "Boba Fett",
                                              }
                        }
            />
</div>,
        ],
        "className": "Card-Container",
      },
      "ref": null,
      "rendered": Array [
        Object {
          "instance": null,
          "key": undefined,
          "nodeType": "host",
          "props": Object {
            "children": "Next",
            "className": "next",
            "onClick": [Function],
          },
          "ref": null,
          "rendered": "Next",
          "type": "button",
        },
        Object {
          "instance": null,
          "key": undefined,
          "nodeType": "host",
          "props": Object {
            "children": "Last",
            "className": "previous",
            "onClick": [Function],
          },
          "ref": null,
          "rendered": "Last",
          "type": "button",
        },
        Object {
          "instance": null,
          "key": undefined,
          "nodeType": "host",
          "props": Object {
            "children": "people",
          },
          "ref": null,
          "rendered": "people",
          "type": "h2",
        },
        Object {
          "instance": null,
          "key": undefined,
          "nodeType": "host",
          "props": Object {
            "children": Array [
              <ContentCard
                activeCategoryName="people"
                addToFavorites={[Function]}
                buttonClass="favorite"
                categoryItem={
                                Object {
                                                "Homeworld": "Corellia",
                                                "Homeworld Population": 10000,
                                                "Species": "human",
                                                "name": "Han Solo",
                                              }
                }
/>,
              <ContentCard
                activeCategoryName="people"
                addToFavorites={[Function]}
                buttonClass=""
                categoryItem={
                                Object {
                                                "Homeworld": "Kamino",
                                                "Homeworld Population": 100,
                                                "Species": "human",
                                                "name": "Boba Fett",
                                              }
                }
/>,
            ],
            "className": "card-wrapper",
          },
          "ref": null,
          "rendered": Array [
            Object {
              "instance": null,
              "key": "Han Solo",
              "nodeType": "function",
              "props": Object {
                "activeCategoryName": "people",
                "addToFavorites": [Function],
                "buttonClass": "favorite",
                "categoryItem": Object {
                  "Homeworld": "Corellia",
                  "Homeworld Population": 10000,
                  "Species": "human",
                  "name": "Han Solo",
                },
              },
              "ref": null,
              "rendered": null,
              "type": [Function],
            },
            Object {
              "instance": null,
              "key": "Boba Fett",
              "nodeType": "function",
              "props": Object {
                "activeCategoryName": "people",
                "addToFavorites": [Function],
                "buttonClass": "",
                "categoryItem": Object {
                  "Homeworld": "Kamino",
                  "Homeworld Population": 100,
                  "Species": "human",
                  "name": "Boba Fett",
                },
              },
              "ref": null,
              "rendered": null,
              "type": [Function],
            },
          ],
          "type": "div",
        },
      ],
      "type": "section",
    },
  ],
  Symbol(enzyme.__options__): Object {
    "adapter": ReactSixteenAdapter {
      "options": Object {
        "enableComponentDidUpdateOnSetState": true,
      },
    },
  },
}
`;
