// Jest Snapshot v1, https://goo.gl/fbAQLP

exports[`Nav should match the snapshot 1`] = `
ShallowWrapper {
  "length": 1,
  Symbol(enzyme.__root__): [Circular],
  Symbol(enzyme.__unrendered__): <Nav
    activateCategory={[Function]}
    buttonType={
        Array [
            "people",
            "vehicles",
            "planets",
          ]
    }
    numberOfFavorites={3}
/>,
  Symbol(enzyme.__renderer__): Object {
    "batchedUpdates": [Function],
    "getNode": [Function],
    "render": [Function],
    "simulateEvent": [Function],
    "unmount": [Function],
  },
  Symbol(enzyme.__node__): Object {
    "instance": null,
    "key": undefined,
    "nodeType": "host",
    "props": Object {
      "children": Array [
        Array [
          <Link
            replace={false}
            to="/people"
>
            <ContentButton
                        activateCategory={[Function]}
                        activeCategoryName={undefined}
                        buttonType="people"
            />
</Link>,
          <Link
            replace={false}
            to="/vehicles"
>
            <ContentButton
                        activateCategory={[Function]}
                        activeCategoryName={undefined}
                        buttonType="vehicles"
            />
</Link>,
          <Link
            replace={false}
            to="/planets"
>
            <ContentButton
                        activateCategory={[Function]}
                        activeCategoryName={undefined}
                        buttonType="planets"
            />
</Link>,
        ],
        <Link
          replace={false}
          to="/favorites"
>
          <Favorites
                    activateCategory={[Function]}
                    activeCategoryName={undefined}
                    numberOfFavorites={3}
          />
</Link>,
      ],
      "className": "App-Nav",
    },
    "ref": null,
    "rendered": Array [
      Object {
        "instance": null,
        "key": "people",
        "nodeType": "class",
        "props": Object {
          "children": <ContentButton
            activateCategory={[Function]}
            activeCategoryName={undefined}
            buttonType="people"
/>,
          "replace": false,
          "to": "/people",
        },
        "ref": null,
        "rendered": Object {
          "instance": null,
          "key": undefined,
          "nodeType": "function",
          "props": Object {
            "activateCategory": [Function],
            "activeCategoryName": undefined,
            "buttonType": "people",
          },
          "ref": null,
          "rendered": null,
          "type": [Function],
        },
        "type": [Function],
      },
      Object {
        "instance": null,
        "key": "vehicles",
        "nodeType": "class",
        "props": Object {
          "children": <ContentButton
            activateCategory={[Function]}
            activeCategoryName={undefined}
            buttonType="vehicles"
/>,
          "replace": false,
          "to": "/vehicles",
        },
        "ref": null,
        "rendered": Object {
          "instance": null,
          "key": undefined,
          "nodeType": "function",
          "props": Object {
            "activateCategory": [Function],
            "activeCategoryName": undefined,
            "buttonType": "vehicles",
          },
          "ref": null,
          "rendered": null,
          "type": [Function],
        },
        "type": [Function],
      },
      Object {
        "instance": null,
        "key": "planets",
        "nodeType": "class",
        "props": Object {
          "children": <ContentButton
            activateCategory={[Function]}
            activeCategoryName={undefined}
            buttonType="planets"
/>,
          "replace": false,
          "to": "/planets",
        },
        "ref": null,
        "rendered": Object {
          "instance": null,
          "key": undefined,
          "nodeType": "function",
          "props": Object {
            "activateCategory": [Function],
            "activeCategoryName": undefined,
            "buttonType": "planets",
          },
          "ref": null,
          "rendered": null,
          "type": [Function],
        },
        "type": [Function],
      },
      Object {
        "instance": null,
        "key": undefined,
        "nodeType": "class",
        "props": Object {
          "children": <Favorites
            activateCategory={[Function]}
            activeCategoryName={undefined}
            numberOfFavorites={3}
/>,
          "replace": false,
          "to": "/favorites",
        },
        "ref": null,
        "rendered": Object {
          "instance": null,
          "key": undefined,
          "nodeType": "function",
          "props": Object {
            "activateCategory": [Function],
            "activeCategoryName": undefined,
            "numberOfFavorites": 3,
          },
          "ref": null,
          "rendered": null,
          "type": [Function],
        },
        "type": [Function],
      },
    ],
    "type": "nav",
  },
  Symbol(enzyme.__nodes__): Array [
    Object {
      "instance": null,
      "key": undefined,
      "nodeType": "host",
      "props": Object {
        "children": Array [
          Array [
            <Link
              replace={false}
              to="/people"
>
              <ContentButton
                            activateCategory={[Function]}
                            activeCategoryName={undefined}
                            buttonType="people"
              />
</Link>,
            <Link
              replace={false}
              to="/vehicles"
>
              <ContentButton
                            activateCategory={[Function]}
                            activeCategoryName={undefined}
                            buttonType="vehicles"
              />
</Link>,
            <Link
              replace={false}
              to="/planets"
>
              <ContentButton
                            activateCategory={[Function]}
                            activeCategoryName={undefined}
                            buttonType="planets"
              />
</Link>,
          ],
          <Link
            replace={false}
            to="/favorites"
>
            <Favorites
                        activateCategory={[Function]}
                        activeCategoryName={undefined}
                        numberOfFavorites={3}
            />
</Link>,
        ],
        "className": "App-Nav",
      },
      "ref": null,
      "rendered": Array [
        Object {
          "instance": null,
          "key": "people",
          "nodeType": "class",
          "props": Object {
            "children": <ContentButton
              activateCategory={[Function]}
              activeCategoryName={undefined}
              buttonType="people"
/>,
            "replace": false,
            "to": "/people",
          },
          "ref": null,
          "rendered": Object {
            "instance": null,
            "key": undefined,
            "nodeType": "function",
            "props": Object {
              "activateCategory": [Function],
              "activeCategoryName": undefined,
              "buttonType": "people",
            },
            "ref": null,
            "rendered": null,
            "type": [Function],
          },
          "type": [Function],
        },
        Object {
          "instance": null,
          "key": "vehicles",
          "nodeType": "class",
          "props": Object {
            "children": <ContentButton
              activateCategory={[Function]}
              activeCategoryName={undefined}
              buttonType="vehicles"
/>,
            "replace": false,
            "to": "/vehicles",
          },
          "ref": null,
          "rendered": Object {
            "instance": null,
            "key": undefined,
            "nodeType": "function",
            "props": Object {
              "activateCategory": [Function],
              "activeCategoryName": undefined,
              "buttonType": "vehicles",
            },
            "ref": null,
            "rendered": null,
            "type": [Function],
          },
          "type": [Function],
        },
        Object {
          "instance": null,
          "key": "planets",
          "nodeType": "class",
          "props": Object {
            "children": <ContentButton
              activateCategory={[Function]}
              activeCategoryName={undefined}
              buttonType="planets"
/>,
            "replace": false,
            "to": "/planets",
          },
          "ref": null,
          "rendered": Object {
            "instance": null,
            "key": undefined,
            "nodeType": "function",
            "props": Object {
              "activateCategory": [Function],
              "activeCategoryName": undefined,
              "buttonType": "planets",
            },
            "ref": null,
            "rendered": null,
            "type": [Function],
          },
          "type": [Function],
        },
        Object {
          "instance": null,
          "key": undefined,
          "nodeType": "class",
          "props": Object {
            "children": <Favorites
              activateCategory={[Function]}
              activeCategoryName={undefined}
              numberOfFavorites={3}
/>,
            "replace": false,
            "to": "/favorites",
          },
          "ref": null,
          "rendered": Object {
            "instance": null,
            "key": undefined,
            "nodeType": "function",
            "props": Object {
              "activateCategory": [Function],
              "activeCategoryName": undefined,
              "numberOfFavorites": 3,
            },
            "ref": null,
            "rendered": null,
            "type": [Function],
          },
          "type": [Function],
        },
      ],
      "type": "nav",
    },
  ],
  Symbol(enzyme.__options__): Object {
    "adapter": ReactSixteenAdapter {
      "options": Object {
        "enableComponentDidUpdateOnSetState": true,
      },
    },
  },
}
`;
