// Jest Snapshot v1, https://goo.gl/fbAQLP

exports[`Main should match the snapshot 1`] = `
ShallowWrapper {
  "length": 1,
  Symbol(enzyme.__root__): [Circular],
  Symbol(enzyme.__unrendered__): <Main />,
  Symbol(enzyme.__renderer__): Object {
    "batchedUpdates": [Function],
    "getNode": [Function],
    "render": [Function],
    "simulateEvent": [Function],
    "unmount": [Function],
  },
  Symbol(enzyme.__node__): Object {
    "instance": null,
    "key": undefined,
    "nodeType": "host",
    "props": Object {
      "children": <main
        className="App-Main undefined"
>
        <CardContainer
                activeCategoryInfo={undefined}
                activeCategoryName={undefined}
                addToFavorites={undefined}
                favorites={undefined}
                next={undefined}
                previous={undefined}
                updateCurrentCategory={undefined}
        />
</main>,
    },
    "ref": null,
    "rendered": Object {
      "instance": null,
      "key": undefined,
      "nodeType": "host",
      "props": Object {
        "children": <CardContainer
          activeCategoryInfo={undefined}
          activeCategoryName={undefined}
          addToFavorites={undefined}
          favorites={undefined}
          next={undefined}
          previous={undefined}
          updateCurrentCategory={undefined}
/>,
        "className": "App-Main undefined",
      },
      "ref": null,
      "rendered": Object {
        "instance": null,
        "key": undefined,
        "nodeType": "function",
        "props": Object {
          "activeCategoryInfo": undefined,
          "activeCategoryName": undefined,
          "addToFavorites": undefined,
          "favorites": undefined,
          "next": undefined,
          "previous": undefined,
          "updateCurrentCategory": undefined,
        },
        "ref": null,
        "rendered": null,
        "type": [Function],
      },
      "type": "main",
    },
    "type": "div",
  },
  Symbol(enzyme.__nodes__): Array [
    Object {
      "instance": null,
      "key": undefined,
      "nodeType": "host",
      "props": Object {
        "children": <main
          className="App-Main undefined"
>
          <CardContainer
                    activeCategoryInfo={undefined}
                    activeCategoryName={undefined}
                    addToFavorites={undefined}
                    favorites={undefined}
                    next={undefined}
                    previous={undefined}
                    updateCurrentCategory={undefined}
          />
</main>,
      },
      "ref": null,
      "rendered": Object {
        "instance": null,
        "key": undefined,
        "nodeType": "host",
        "props": Object {
          "children": <CardContainer
            activeCategoryInfo={undefined}
            activeCategoryName={undefined}
            addToFavorites={undefined}
            favorites={undefined}
            next={undefined}
            previous={undefined}
            updateCurrentCategory={undefined}
/>,
          "className": "App-Main undefined",
        },
        "ref": null,
        "rendered": Object {
          "instance": null,
          "key": undefined,
          "nodeType": "function",
          "props": Object {
            "activeCategoryInfo": undefined,
            "activeCategoryName": undefined,
            "addToFavorites": undefined,
            "favorites": undefined,
            "next": undefined,
            "previous": undefined,
            "updateCurrentCategory": undefined,
          },
          "ref": null,
          "rendered": null,
          "type": [Function],
        },
        "type": "main",
      },
      "type": "div",
    },
  ],
  Symbol(enzyme.__options__): Object {
    "adapter": ReactSixteenAdapter {
      "options": Object {
        "enableComponentDidUpdateOnSetState": true,
      },
    },
  },
}
`;
